This is XeTeX, Version 3.141592653-2.6-0.999995 (TeX Live 2023/Debian) (preloaded format=xelatex 2025.10.20)  20 OCT 2025 01:41
entering extended mode
 restricted \write18 enabled.
 %&-line parsing enabled.
**userguide/userguide.tex
(./userguide/userguide.tex
LaTeX2e <2023-11-01> patch level 1
L3 programming layer <2024-01-22>
(/usr/share/texlive/texmf-dist/tex/latex/base/article.cls
Document Class: article 2023/05/17 v1.4n Standard LaTeX document class
(/usr/share/texlive/texmf-dist/tex/latex/base/size10.clo
File: size10.clo 2023/05/17 v1.4n Standard LaTeX file (size option)
)
\c@part=\count183
\c@section=\count184
\c@subsection=\count185
\c@subsubsection=\count186
\c@paragraph=\count187
\c@subparagraph=\count188
\c@figure=\count189
\c@table=\count190
\abovecaptionskip=\skip48
\belowcaptionskip=\skip49
\bibindent=\dimen140
)
(/usr/share/texlive/texmf-dist/tex/latex/fontspec/fontspec.sty
(/usr/share/texlive/texmf-dist/tex/latex/l3packages/xparse/xparse.sty
(/usr/share/texlive/texmf-dist/tex/latex/l3kernel/expl3.sty
Package: expl3 2024-01-22 L3 programming layer (loader) 

(/usr/share/texlive/texmf-dist/tex/latex/l3backend/l3backend-xetex.def
File: l3backend-xetex.def 2024-01-04 L3 backend support: XeTeX
\g__graphics_track_int=\count191
\l__pdf_internal_box=\box51
\g__pdf_backend_object_int=\count192
\g__pdf_backend_annotation_int=\count193
\g__pdf_backend_link_int=\count194
))
Package: xparse 2023-10-10 L3 Experimental document command parser
)
Package: fontspec 2022/01/15 v2.8a Font selection for XeLaTeX and LuaLaTeX

(/usr/share/texlive/texmf-dist/tex/latex/fontspec/fontspec-xetex.sty
Package: fontspec-xetex 2022/01/15 v2.8a Font selection for XeLaTeX and LuaLaTe
X
\l__fontspec_script_int=\count195
\l__fontspec_language_int=\count196
\l__fontspec_strnum_int=\count197
\l__fontspec_tmp_int=\count198
\l__fontspec_tmpa_int=\count199
\l__fontspec_tmpb_int=\count266
\l__fontspec_tmpc_int=\count267
\l__fontspec_em_int=\count268
\l__fontspec_emdef_int=\count269
\l__fontspec_strong_int=\count270
\l__fontspec_strongdef_int=\count271
\l__fontspec_tmpa_dim=\dimen141
\l__fontspec_tmpb_dim=\dimen142
\l__fontspec_tmpc_dim=\dimen143

(/usr/share/texlive/texmf-dist/tex/latex/base/fontenc.sty
Package: fontenc 2021/04/29 v2.0v Standard LaTeX package
)
(/usr/share/texlive/texmf-dist/tex/latex/fontspec/fontspec.cfg)))

Package fontspec Info: Font family 'LinuxLibertineO(0)' created for font
(fontspec)             'Linux Libertine O' with options [Ligatures=TeX].
(fontspec)              
(fontspec)              This font family consists of the following NFSS
(fontspec)             series/shapes:
(fontspec)              
(fontspec)             - 'normal' (m/n) with NFSS spec.: <->"Linux Libertine
(fontspec)             O/OT:script=latn;language=dflt;mapping=tex-text;"
(fontspec)             - 'small caps'  (m/sc) with NFSS spec.: <->"Linux
(fontspec)             Libertine
(fontspec)             O/OT:script=latn;language=dflt;+smcp;mapping=tex-text;"
(fontspec)             - 'bold' (b/n) with NFSS spec.: <->"Linux Libertine
(fontspec)             O/B/OT:script=latn;language=dflt;mapping=tex-text;"
(fontspec)             - 'bold small caps'  (b/sc) with NFSS spec.: <->"Linux
(fontspec)             Libertine
(fontspec)             O/B/OT:script=latn;language=dflt;+smcp;mapping=tex-text;
"
(fontspec)             - 'italic' (m/it) with NFSS spec.: <->"Linux Libertine
(fontspec)             O/I/OT:script=latn;language=dflt;mapping=tex-text;"
(fontspec)             - 'italic small caps'  (m/scit) with NFSS spec.:
(fontspec)             <->"Linux Libertine
(fontspec)             O/I/OT:script=latn;language=dflt;+smcp;mapping=tex-text;
"
(fontspec)             - 'bold italic' (b/it) with NFSS spec.: <->"Linux
(fontspec)             Libertine
(fontspec)             O/BI/OT:script=latn;language=dflt;mapping=tex-text;"
(fontspec)             - 'bold italic small caps'  (b/scit) with NFSS spec.:
(fontspec)             <->"Linux Libertine
(fontspec)             O/BI/OT:script=latn;language=dflt;+smcp;mapping=tex-text
;"


Package fontspec Info: Could not resolve font "Inconsolata/BI" (it probably
(fontspec)             doesn't exist).


Package fontspec Info: Could not resolve font "Inconsolata/B" (it probably
(fontspec)             doesn't exist).


Package fontspec Info: Could not resolve font "Inconsolata/I" (it probably
(fontspec)             doesn't exist).


Package fontspec Info: Font family 'Inconsolata(0)' created for font
(fontspec)             'Inconsolata' with options
(fontspec)             [WordSpace={1,0,0},HyphenChar=None,PunctuationSpace=Word
Space].
(fontspec)              
(fontspec)              This font family consists of the following NFSS
(fontspec)             series/shapes:
(fontspec)              
(fontspec)             - 'normal' (m/n) with NFSS spec.:
(fontspec)             <->"Inconsolata/OT:language=dflt;"
(fontspec)             - 'small caps'  (m/sc) with NFSS spec.: 
(fontspec)             and font adjustment code:
(fontspec)             \fontdimen 2\font =1\fontdimen 2\font \fontdimen 3\font
(fontspec)             =0\fontdimen 3\font \fontdimen 4\font =0\fontdimen
(fontspec)             4\font \fontdimen 7\font =0\fontdimen 2\font
(fontspec)             \tex_hyphenchar:D \font =-1\scan_stop: 


(/usr/share/texlive/texmf-dist/tex/latex/preprint/fullpage.sty
Package: fullpage 1999/02/23 1.1 (PWD)
\FP@margin=\skip50
)
(/usr/share/texlive/texmf-dist/tex/latex/parskip/parskip.sty
Package: parskip 2021-03-14 v2.0h non-zero parskip adjustments

(/usr/share/texlive/texmf-dist/tex/latex/kvoptions/kvoptions.sty
Package: kvoptions 2022-06-15 v3.15 Key value format for package options (HO)

(/usr/share/texlive/texmf-dist/tex/latex/graphics/keyval.sty
Package: keyval 2022/05/29 v1.15 key=value parser (DPC)
\KV@toks@=\toks17
)
(/usr/share/texlive/texmf-dist/tex/generic/ltxcmds/ltxcmds.sty
Package: ltxcmds 2023-12-04 v1.26 LaTeX kernel commands for general use (HO)
)
(/usr/share/texlive/texmf-dist/tex/latex/kvsetkeys/kvsetkeys.sty
Package: kvsetkeys 2022-10-05 v1.19 Key value parser (HO)
))
(/usr/share/texlive/texmf-dist/tex/latex/etoolbox/etoolbox.sty
Package: etoolbox 2020/10/05 v2.5k e-TeX tools for LaTeX (JAW)
\etb@tempcnta=\count272
))
(/usr/share/texlive/texmf-dist/tex/latex/hyperref/hyperref.sty
Package: hyperref 2024-01-20 v7.01h Hypertext links for LaTeX

(/usr/share/texlive/texmf-dist/tex/generic/iftex/iftex.sty
Package: iftex 2022/02/03 v1.0f TeX engine tests
)
(/usr/share/texlive/texmf-dist/tex/generic/kvdefinekeys/kvdefinekeys.sty
Package: kvdefinekeys 2019-12-19 v1.6 Define keys (HO)
)
(/usr/share/texlive/texmf-dist/tex/generic/pdfescape/pdfescape.sty
Package: pdfescape 2019/12/09 v1.15 Implements pdfTeX's escape features (HO)

(/usr/share/texlive/texmf-dist/tex/generic/pdftexcmds/pdftexcmds.sty
Package: pdftexcmds 2020-06-27 v0.33 Utility functions of pdfTeX for LuaTeX (HO
)

(/usr/share/texlive/texmf-dist/tex/generic/infwarerr/infwarerr.sty
Package: infwarerr 2019/12/03 v1.5 Providing info/warning/error messages (HO)
)
Package pdftexcmds Info: \pdf@primitive is available.
Package pdftexcmds Info: \pdf@ifprimitive is available.
Package pdftexcmds Info: \pdfdraftmode not found.
))
(/usr/share/texlive/texmf-dist/tex/latex/hycolor/hycolor.sty
Package: hycolor 2020-01-27 v1.10 Color options for hyperref/bookmark (HO)
)
(/usr/share/texlive/texmf-dist/tex/latex/auxhook/auxhook.sty
Package: auxhook 2019-12-17 v1.6 Hooks for auxiliary files (HO)
)
(/usr/share/texlive/texmf-dist/tex/latex/hyperref/nameref.sty
Package: nameref 2023-11-26 v2.56 Cross-referencing by name of section

(/usr/share/texlive/texmf-dist/tex/latex/refcount/refcount.sty
Package: refcount 2019/12/15 v3.6 Data extraction from label references (HO)
)
(/usr/share/texlive/texmf-dist/tex/generic/gettitlestring/gettitlestring.sty
Package: gettitlestring 2019/12/15 v1.6 Cleanup title references (HO)
)
\c@section@level=\count273
)
\@linkdim=\dimen144
\Hy@linkcounter=\count274
\Hy@pagecounter=\count275

(/usr/share/texlive/texmf-dist/tex/latex/hyperref/pd1enc.def
File: pd1enc.def 2024-01-20 v7.01h Hyperref: PDFDocEncoding definition (HO)
)
(/usr/share/texlive/texmf-dist/tex/generic/intcalc/intcalc.sty
Package: intcalc 2019/12/15 v1.3 Expandable calculations with integers (HO)
)
\Hy@SavedSpaceFactor=\count276

(/usr/share/texlive/texmf-dist/tex/latex/hyperref/puenc.def
File: puenc.def 2024-01-20 v7.01h Hyperref: PDF Unicode definition (HO)
)
Package hyperref Info: Hyper figures OFF on input line 4179.
Package hyperref Info: Link nesting OFF on input line 4184.
Package hyperref Info: Hyper index ON on input line 4187.
Package hyperref Info: Plain pages OFF on input line 4194.
Package hyperref Info: Backreferencing OFF on input line 4199.
Package hyperref Info: Implicit mode ON; LaTeX internals redefined.
Package hyperref Info: Bookmarks ON on input line 4446.
\c@Hy@tempcnt=\count277

(/usr/share/texlive/texmf-dist/tex/latex/url/url.sty
\Urlmuskip=\muskip16
Package: url 2013/09/16  ver 3.4  Verb mode for urls, etc.
)
LaTeX Info: Redefining \url on input line 4784.
\XeTeXLinkMargin=\dimen145

(/usr/share/texlive/texmf-dist/tex/generic/bitset/bitset.sty
Package: bitset 2019/12/09 v1.3 Handle bit-vector datatype (HO)

(/usr/share/texlive/texmf-dist/tex/generic/bigintcalc/bigintcalc.sty
Package: bigintcalc 2019/12/15 v1.5 Expandable calculations on big integers (HO
)
))
\Fld@menulength=\count278
\Field@Width=\dimen146
\Fld@charsize=\dimen147
Package hyperref Info: Hyper figures OFF on input line 6063.
Package hyperref Info: Link nesting OFF on input line 6068.
Package hyperref Info: Hyper index ON on input line 6071.
Package hyperref Info: backreferencing OFF on input line 6078.
Package hyperref Info: Link coloring OFF on input line 6083.
Package hyperref Info: Link coloring with OCG OFF on input line 6088.
Package hyperref Info: PDF/A mode OFF on input line 6093.

(/usr/share/texlive/texmf-dist/tex/latex/base/atbegshi-ltx.sty
Package: atbegshi-ltx 2021/01/10 v1.0c Emulation of the original atbegshi
package with kernel methods
)
\Hy@abspage=\count279
\c@Item=\count280
\c@Hfootnote=\count281
)
Package hyperref Info: Driver (autodetected): hxetex.

(/usr/share/texlive/texmf-dist/tex/latex/hyperref/hxetex.def
File: hxetex.def 2024-01-20 v7.01h Hyperref driver for XeTeX

(/usr/share/texlive/texmf-dist/tex/generic/stringenc/stringenc.sty
Package: stringenc 2019/11/29 v1.12 Convert strings between diff. encodings (HO
)
)
\pdfm@box=\box52
\c@Hy@AnnotLevel=\count282
\HyField@AnnotCount=\count283
\Fld@listcount=\count284
\c@bookmark@seq@number=\count285

(/usr/share/texlive/texmf-dist/tex/latex/rerunfilecheck/rerunfilecheck.sty
Package: rerunfilecheck 2022-07-10 v1.10 Rerun checks for auxiliary files (HO)

(/usr/share/texlive/texmf-dist/tex/latex/base/atveryend-ltx.sty
Package: atveryend-ltx 2020/08/19 v1.0a Emulation of the original atveryend pac
kage
with kernel methods
)
(/usr/share/texlive/texmf-dist/tex/generic/uniquecounter/uniquecounter.sty
Package: uniquecounter 2019/12/15 v1.4 Provide unlimited unique counter (HO)
)
Package uniquecounter Info: New unique counter `rerunfilecheck' on input line 2
85.
)
\Hy@SectionHShift=\skip51
)
Package hyperref Info: Option `colorlinks' set `true' on input line 18.

(./userguide.aux)
\openout1 = `userguide.aux'.

LaTeX Font Info:    Checking defaults for OML/cmm/m/it on input line 24.
LaTeX Font Info:    ... okay on input line 24.
LaTeX Font Info:    Checking defaults for OMS/cmsy/m/n on input line 24.
LaTeX Font Info:    ... okay on input line 24.
LaTeX Font Info:    Checking defaults for OT1/cmr/m/n on input line 24.
LaTeX Font Info:    ... okay on input line 24.
LaTeX Font Info:    Checking defaults for T1/cmr/m/n on input line 24.
LaTeX Font Info:    ... okay on input line 24.
LaTeX Font Info:    Checking defaults for TS1/cmr/m/n on input line 24.
LaTeX Font Info:    Trying to load font information for TS1+cmr on input line 2
4.
 (/usr/share/texlive/texmf-dist/tex/latex/base/ts1cmr.fd
File: ts1cmr.fd 2023/04/13 v2.5m Standard LaTeX font definitions
)
LaTeX Font Info:    ... okay on input line 24.
LaTeX Font Info:    Checking defaults for TU/lmr/m/n on input line 24.
LaTeX Font Info:    ... okay on input line 24.
LaTeX Font Info:    Checking defaults for OMX/cmex/m/n on input line 24.
LaTeX Font Info:    ... okay on input line 24.
LaTeX Font Info:    Checking defaults for U/cmr/m/n on input line 24.
LaTeX Font Info:    ... okay on input line 24.
LaTeX Font Info:    Checking defaults for PD1/pdf/m/n on input line 24.
LaTeX Font Info:    ... okay on input line 24.
LaTeX Font Info:    Checking defaults for PU/pdf/m/n on input line 24.
LaTeX Font Info:    ... okay on input line 24.

Package fontspec Info: Adjusting the maths setup (use [no-math] to avoid
(fontspec)             this).

\symlegacymaths=\mathgroup4
LaTeX Font Info:    Overwriting symbol font `legacymaths' in version `bold'
(Font)                  OT1/cmr/m/n --> OT1/cmr/bx/n on input line 24.
LaTeX Font Info:    Redeclaring math accent \acute on input line 24.
LaTeX Font Info:    Redeclaring math accent \grave on input line 24.
LaTeX Font Info:    Redeclaring math accent \ddot on input line 24.
LaTeX Font Info:    Redeclaring math accent \tilde on input line 24.
LaTeX Font Info:    Redeclaring math accent \bar on input line 24.
LaTeX Font Info:    Redeclaring math accent \breve on input line 24.
LaTeX Font Info:    Redeclaring math accent \check on input line 24.
LaTeX Font Info:    Redeclaring math accent \hat on input line 24.
LaTeX Font Info:    Redeclaring math accent \dot on input line 24.
LaTeX Font Info:    Redeclaring math accent \mathring on input line 24.
LaTeX Font Info:    Redeclaring math symbol \colon on input line 24.
LaTeX Font Info:    Redeclaring math symbol \Gamma on input line 24.
LaTeX Font Info:    Redeclaring math symbol \Delta on input line 24.
LaTeX Font Info:    Redeclaring math symbol \Theta on input line 24.
LaTeX Font Info:    Redeclaring math symbol \Lambda on input line 24.
LaTeX Font Info:    Redeclaring math symbol \Xi on input line 24.
LaTeX Font Info:    Redeclaring math symbol \Pi on input line 24.
LaTeX Font Info:    Redeclaring math symbol \Sigma on input line 24.
LaTeX Font Info:    Redeclaring math symbol \Upsilon on input line 24.
LaTeX Font Info:    Redeclaring math symbol \Phi on input line 24.
LaTeX Font Info:    Redeclaring math symbol \Psi on input line 24.
LaTeX Font Info:    Redeclaring math symbol \Omega on input line 24.
LaTeX Font Info:    Redeclaring math symbol \mathdollar on input line 24.
LaTeX Font Info:    Redeclaring symbol font `operators' on input line 24.
LaTeX Font Info:    Encoding `OT1' has changed to `TU' for symbol font
(Font)              `operators' in the math version `normal' on input line 24.
LaTeX Font Info:    Overwriting symbol font `operators' in version `normal'
(Font)                  OT1/cmr/m/n --> TU/LinuxLibertineO(0)/m/n on input line
 24.
LaTeX Font Info:    Encoding `OT1' has changed to `TU' for symbol font
(Font)              `operators' in the math version `bold' on input line 24.
LaTeX Font Info:    Overwriting symbol font `operators' in version `bold'
(Font)                  OT1/cmr/bx/n --> TU/LinuxLibertineO(0)/m/n on input lin
e 24.
LaTeX Font Info:    Overwriting symbol font `operators' in version `normal'
(Font)                  TU/LinuxLibertineO(0)/m/n --> TU/LinuxLibertineO(0)/m/n
 on input line 24.
LaTeX Font Info:    Overwriting math alphabet `\mathit' in version `normal'
(Font)                  OT1/cmr/m/it --> TU/LinuxLibertineO(0)/m/it on input li
ne 24.
LaTeX Font Info:    Overwriting math alphabet `\mathbf' in version `normal'
(Font)                  OT1/cmr/bx/n --> TU/LinuxLibertineO(0)/b/n on input lin
e 24.
LaTeX Font Info:    Overwriting math alphabet `\mathsf' in version `normal'
(Font)                  OT1/cmss/m/n --> TU/lmss/m/n on input line 24.
LaTeX Font Info:    Overwriting math alphabet `\mathtt' in version `normal'
(Font)                  OT1/cmtt/m/n --> TU/Inconsolata(0)/m/n on input line 24
.
LaTeX Font Info:    Overwriting symbol font `operators' in version `bold'
(Font)                  TU/LinuxLibertineO(0)/m/n --> TU/LinuxLibertineO(0)/b/n
 on input line 24.
LaTeX Font Info:    Overwriting math alphabet `\mathit' in version `bold'
(Font)                  OT1/cmr/bx/it --> TU/LinuxLibertineO(0)/b/it on input l
ine 24.
LaTeX Font Info:    Overwriting math alphabet `\mathsf' in version `bold'
(Font)                  OT1/cmss/bx/n --> TU/lmss/b/n on input line 24.
LaTeX Font Info:    Overwriting math alphabet `\mathtt' in version `bold'
(Font)                  OT1/cmtt/m/n --> TU/Inconsolata(0)/b/n on input line 24
.

(/usr/share/texlive/texmf-dist/tex/latex/graphics/color.sty
Package: color 2022/01/06 v1.3d Standard LaTeX Color (DPC)

(/usr/share/texlive/texmf-dist/tex/latex/graphics-cfg/color.cfg
File: color.cfg 2016/01/02 v1.6 sample color configuration
)
Package color Info: Driver file: xetex.def on input line 149.

(/usr/share/texlive/texmf-dist/tex/latex/graphics-def/xetex.def
File: xetex.def 2022/09/22 v5.0n Graphics/color driver for xetex
)
(/usr/share/texlive/texmf-dist/tex/latex/graphics/mathcolor.ltx))
Package hyperref Info: Link coloring ON on input line 24.

(./userguide.out) (./userguide.out)
\@outlinefile=\write3
\openout3 = `userguide.out'.

LaTeX Font Info:    External font `cmex10' loaded for size
(Font)              <12> on input line 28.
LaTeX Font Info:    External font `cmex10' loaded for size
(Font)              <8> on input line 28.
LaTeX Font Info:    External font `cmex10' loaded for size
(Font)              <6> on input line 28.


LaTeX Warning: No \author given.

(./rest-api.tex
LaTeX Font Info:    External font `cmex10' loaded for size
(Font)              <7> on input line 13.
LaTeX Font Info:    External font `cmex10' loaded for size
(Font)              <5> on input line 13.

Overfull \hbox (445.24498pt too wide) in paragraph at lines 27--27
[]\TU/Inconsolata(0)/m/n/10 export token=`curl -k -H "Content-Type: application
/json" -X POST https://${bmc}/login -d '{"username" : "root", "password" : "0pe
nBmc"}' | grep token | awk '{print $2;}' | tr -d '"'`[] 
 []

[1

]
Overfull \hbox (15.24498pt too wide) in paragraph at lines 77--77
[]\TU/Inconsolata(0)/m/n/10 curl -k -H "X-Auth-Token: $token" https://${bmc}/xy
z/openbmc_project/inventory/system/attr/Cached[] 
 []


Overfull \hbox (11.13173pt too wide) in paragraph at lines 127--132
[]\TU/LinuxLibertineO(0)/m/n/10 This shows that there are 19 children of the \T
U/Inconsolata(0)/m/n/10 openbmc_project/ \TU/LinuxLibertineO(0)/m/n/10 object: 
\TU/Inconsolata(0)/m/n/10 dump\TU/LinuxLibertineO(0)/m/n/10 , \TU/Inconsolata(0
)/m/n/10 software\TU/LinuxLibertineO(0)/m/n/10 , \TU/Inconsolata(0)/m/n/10 cont
rol\TU/LinuxLibertineO(0)/m/n/10 , \TU/Inconsolata(0)/m/n/10 network\TU/LinuxLi
bertineO(0)/m/n/10 , \TU/Inconsolata(0)/m/n/10 logging\TU/LinuxLibertineO(0)/m/
n/10 ,etc.
 []

[2] [3]
Overfull \hbox (15.24498pt too wide) in paragraph at lines 229--229
[]    \TU/Inconsolata(0)/m/n/10 "OperatingSystemState": "xyz.openbmc_project.St
ate.OperatingSystem.Status.OSStatus.Inactive",[] 
 []


Overfull \hbox (185.24498pt too wide) in paragraph at lines 236--236
[]\TU/Inconsolata(0)/m/n/10 curl -k -H "X-Auth-Token: $token" https://${bmc}/xy
z/openbmc_project/state/host0/attr/RequestedHostTransition > requested_host.jso
n[] 
 []


Overfull \hbox (415.24498pt too wide) in paragraph at lines 267--267
[]\TU/Inconsolata(0)/m/n/10 $ curl -k -H "X-Auth-Token: $token" -H "Content-Typ
e: application/json" -X PUT -T requested_host.json https://${bmc}/xyz/openbmc_p
roject/state/host0/attr/RequestedHostTransition[] 
 []


Overfull \hbox (600.24498pt too wide) in paragraph at lines 273--273
[]\TU/Inconsolata(0)/m/n/10 curl -k -H "X-Auth-Token: $token" -H "Content-Type:
 application/json" -X PUT -d '{"data": "xyz.openbmc_project.State.Host.Transiti
on.On"}' https://${bmc}/xyz/openbmc_project/state/host0/attr/RequestedHostTrans
ition[] 
 []


Overfull \hbox (300.24498pt too wide) in paragraph at lines 288--288
[]\TU/Inconsolata(0)/m/n/10 curl -k -H "X-Auth-Token: $token" -H 'Content-Type:
 application/json' -X POST -d '{"data":[]}' https://${bmc}/xyz/openbmc_project/
logging/action/DeleteAll[] 
 []


Overfull \hbox (285.24498pt too wide) in paragraph at lines 294--294
[]\TU/Inconsolata(0)/m/n/10 curl -k -H "X-Auth-Token: $token" -H 'Content-Type:
 application/json' -X POST -d '{"data":[]}' https://${bmc}/xyz/openbmc_project/
software/action/Reset[] 
 []

[4]
Overfull \hbox (205.24498pt too wide) in paragraph at lines 312--312
[]\TU/Inconsolata(0)/m/n/10 curl -k -H "X-Auth-Token: $token" -H "Content-Type:
 application/json" -X GET https://${bmc}/xyz/openbmc_project/logging/entry/enum
erate[] 
 []


Overfull \hbox (185.24498pt too wide) in paragraph at lines 318--318
[]\TU/Inconsolata(0)/m/n/10 curl -k -H "X-Auth-Token: $token" -H "Content-Type:
 application/json" -X DELETE  https://${bmc}/xyz/openbmc_project/logging/entry/
1[] 
 []


Overfull \hbox (195.24498pt too wide) in paragraph at lines 332--332
[]\TU/Inconsolata(0)/m/n/10 curl -k -H "X-Auth-Token: $token" -H "Content-Type:
 application/octet-stream" -X POST -T <file_to_upload> https://${bmc}/upload/im
age[] 
 []


Overfull \hbox (145.24498pt too wide) in paragraph at lines 341--341
[]\TU/Inconsolata(0)/m/n/10 curl -k -H "X-Auth-Token: $token" -H "Content-Type:
 application/octet-stream" -X PUT -T foo https://${bmc}/upload/image/bar[] 
 []

[5] [6]
Overfull \hbox (100.24498pt too wide) in paragraph at lines 481--481
[]\TU/Inconsolata(0)/m/n/10 "interfaces": <dict : a dictionary of interfaces> (
similar to org.freedesktop.DBus.ObjectManager.InterfacesAdded )[] 
 []


Overfull \hbox (90.24498pt too wide) in paragraph at lines 490--490
[]\TU/Inconsolata(0)/m/n/10 "properties": <dict : a dictionary of properties> (
similar to org.freedesktop.DBus.Properties.PropertiesChanged)[] 
 []

) (./host-management.tex
Overfull \hbox (455.24498pt too wide) in paragraph at lines 19--19
[]\TU/Inconsolata(0)/m/n/10 export token=`curl -k -H "Content-Type: application
/json" -X POST https://${bmc}/login -d '{"username" :  "root", "password" :  "0
penBmc"}' | grep token | awk '{print $2;}' | tr -d '"'`[] 
 []


Overfull \hbox (55.24498pt too wide) in paragraph at lines 62--62
[]\TU/Inconsolata(0)/m/n/10 curl -k -H "X-Auth-Token: $token" https://${bmc}/xy
z/openbmc_project/inventory/system/chassis/motherboard[] 
 []

[7]
Overfull \hbox (94.02647pt too wide) in paragraph at lines 76--79
[]\TU/LinuxLibertineO(0)/m/n/10 For example, all temperature sensors are under 
\TU/Inconsolata(0)/m/n/10 sensors/temperature\TU/LinuxLibertineO(0)/m/n/10 . CP
U temperature sensors would be \TU/Inconsolata(0)/m/n/10 sensors/temperature/cp
u[n]\TU/LinuxLibertineO(0)/m/n/10 . 
 []


Overfull \hbox (35.24498pt too wide) in paragraph at lines 130--130
[]    \TU/Inconsolata(0)/m/n/10 curl -k -H "X-Auth-Token: $token" https://${bmc
}/xyz/openbmc_project/sensors/temperature/ocp_zone[] 
 []


Overfull \hbox (5.24498pt too wide) in paragraph at lines 147--147
[]\TU/Inconsolata(0)/m/n/10 curl -k -H "X-Auth-Token: $token" https://${bmc}/xy
z/openbmc_project/sensors/temperature/outlet[] 
 []

[8]
Overfull \hbox (335.24498pt too wide) in paragraph at lines 224--224
[]\TU/Inconsolata(0)/m/n/10 curl -k -H "X-Auth-Token: $token" -H "Content-Type:
 application/json" -X POST -d '{"data" : []}' https://${bmc}/xyz/openbmc_projec
t/logging/entry/1/action/Delete[] 
 []

[9]
Overfull \hbox (310.24498pt too wide) in paragraph at lines 230--230
[]\TU/Inconsolata(0)/m/n/10 curl -k -H "X-Auth-Token: $token" -H "Content-Type:
 application/json" -X POST -d '{"data" : []}' https://${bmc}/xyz/openbmc_projec
t/logging/action/DeleteAll[] 
 []


Overfull \hbox (595.24498pt too wide) in paragraph at lines 250--250
[]\TU/Inconsolata(0)/m/n/10 curl -k -H "X-Auth-Token: $token" -H "Content-Type:
 application/json" -X PUT https://${bmc}/xyz/openbmc_project/control/host0/boot
/attr/BootMode -d '{"data": "xyz.openbmc_project.Control.Boot.Mode.Modes.Regula
r"}'[] 
 []


Overfull \hbox (625.24498pt too wide) in paragraph at lines 260--260
[]\TU/Inconsolata(0)/m/n/10 curl -k -H "X-Auth-Token: $token" -H "Content-Type:
 application/json" -X PUT https://${bmc}/xyz/openbmc_project/control/host0/boot
/attr/BootSource -d '{"data": "xyz.openbmc_project.Control.Boot.Source.Sources.
Default"}'[] 
 []


Overfull \hbox (575.24498pt too wide) in paragraph at lines 270--270
[]\TU/Inconsolata(0)/m/n/10 curl -k -H "X-Auth-Token: $token" -H "Content-Type:
 application/json" -X PUT https://${bmc}/xyz/openbmc_project/control/host0/boot
/attr/BootType -d '{"data": "xyz.openbmc_project.Control.Boot.Type.Types.EFI"}'
[] 
 []


Overfull \hbox (400.24498pt too wide) in paragraph at lines 285--285
[]\TU/Inconsolata(0)/m/n/10 curl -k -H "X-Auth-Token: $token" -H "Content-Type:
 application/json" -X PUT https://${bmc}/xyz/openbmc_project/control/host0/boot
/one_time/attr/Enabled -d '{"data": "true"}'[] 
 []


Overfull \hbox (355.24498pt too wide) in paragraph at lines 295--295
[]\TU/Inconsolata(0)/m/n/10 curl -k -H "X-Auth-Token: $token" -H "Content-Type:
 application/json" -X PUT https://${bmc}/xyz/openbmc_project/control/host0/boot
/attr/Enabled -d '{"data": "true"}'[] 
 []


Overfull \hbox (600.24498pt too wide) in paragraph at lines 309--309
[]\TU/Inconsolata(0)/m/n/10 curl -k -H "X-Auth-Token: $token" -H "Content-Type:
 application/json" -d '{"data": "xyz.openbmc_project.State.Host.Transition.On"}
' -X PUT https://${bmc}/xyz/openbmc_project/state/host0/attr/RequestedHostTrans
ition[] 
 []


Overfull \hbox (605.24498pt too wide) in paragraph at lines 315--315
[]\TU/Inconsolata(0)/m/n/10 curl -k -H "X-Auth-Token: $token" -H "Content-Type:
 application/json" -d '{"data": "xyz.openbmc_project.State.Host.Transition.Off"
}' -X PUT https://${bmc}/xyz/openbmc_project/state/host0/attr/RequestedHostTran
sition[] 
 []


Overfull \hbox (640.24498pt too wide) in paragraph at lines 321--321
[]\TU/Inconsolata(0)/m/n/10 curl -k -H "X-Auth-Token: $token" -H "Content-Type:
 application/json" -X PUT -d '{"data":"xyz.openbmc_project.State.Chassis.Transi
tion.Off"}' https://${bmc}//xyz/openbmc_project/state/chassis0/attr/RequestedPo
werTransition[] 
 []


Overfull \hbox (615.24498pt too wide) in paragraph at lines 327--327
[]\TU/Inconsolata(0)/m/n/10 curl -k -H "X-Auth-Token: $token" -H "Content-Type:
 application/json" -X PUT -d '{"data":"xyz.openbmc_project.State.Host.Transitio
n.Reboot"}' https://${bmc}/xyz/openbmc_project/state/host0/attr/RequestedHostTr
ansition[] 
 []


Overfull \hbox (63.60173pt too wide) in paragraph at lines 329--331
[]\TU/LinuxLibertineO(0)/m/n/10 More information about Host State Management ca
n be found here: [][]$[][][][][] [] [] [] [][][][][][] [] [][][] [] [][][][][][
][] [] [][][][][][][][][][][][][][][][][][][][][][][][][][] []
 []

[10]
Overfull \hbox (280.24498pt too wide) in paragraph at lines 362--362
[]\TU/Inconsolata(0)/m/n/10 curl -k -H "X-Auth-Token: $token" -H "Content-Type:
 application/json" -X POST -d '{"data":[]}' https://${bmc}/org/open_power/contr
ol/gard/action/Reset[] 
 []

) (./console.tex [11]) (./architecture/code-update/code-update.tex
Overfull \hbox (62.26093pt too wide) in paragraph at lines 24--27
[]\TU/LinuxLibertineO(0)/m/n/10 Get a BMC image tar: After building OpenBMC, yo
u will end up with a set of image files in \TU/Inconsolata(0)/m/n/10 tmp/deploy
/images/<platform>/\TU/LinuxLibertineO(0)/m/n/10 . 
 []

[12]
Overfull \hbox (17.77832pt too wide) in paragraph at lines 60--64
[]\TU/LinuxLibertineO(0)/m/n/10 Method 1: Via Redfish Upload: [][]$[][][][][] [
] [] [] [][][][][][] [] [][][] [] [][][][][][][] [] [][][][] [] [][][][] [] [][
][][][][] [] [][][][][][][][][][][][][][][][][][][] []
 []


Overfull \hbox (55.18748pt too wide) in paragraph at lines 67--70
[]\TU/LinuxLibertineO(0)/m/n/10 Method 3: Via REST Upload: [][]$[][][][][] [] [
] [] [][][][][][] [] [][][] [] [][][][][][][] [] [][][][] [] [][][][] [] [][][]
[][][] [] [][][][][][][][][] [] [][] [] [][][][][][][][][][][][][][][][][]$[][]
 
 []


Overfull \hbox (67.60672pt too wide) in paragraph at lines 70--73
[]\TU/LinuxLibertineO(0)/m/n/10 Method 4: Via TFTP: Perform a POST request to c
all the \TU/Inconsolata(0)/m/n/10 DownloadViaTFTP \TU/LinuxLibertineO(0)/m/n/10
 method of \TU/Inconsolata(0)/m/n/10 /xyz/openbmc_project/software\TU/LinuxLibe
rtineO(0)/m/n/10 . 
 []


Overfull \hbox (7.24084pt too wide) in paragraph at lines 85--88
[]\TU/LinuxLibertineO(0)/m/n/10 Method 1: From the BMC command line, note the m
ost recent directory name created under \TU/Inconsolata(0)/m/n/10 /tmp/images/\
TU/LinuxLibertineO(0)/m/n/10 ,
 []


Overfull \hbox (170.24498pt too wide) in paragraph at lines 122--122
 []  \TU/Inconsolata(0)/m/n/10 tar xfO <BMC tar image> MANIFEST | sed -ne '/ver
sion=/ {s/version=//;p}' | head -n1 | tr -d '\n' | sha512sum | cut -b 1-8[] 
 []

[13]
Overfull \hbox (0.44495pt too wide) in paragraph at lines 233--239
[][]$[][][][][] [] [] [] [][][][][][] [] [][][] [] [][][][][][][] [] [][][][] [
] [][][][] [] [][][][][][] [] [][][][][][][][][][][][][][][][][][][] [] [][] []
 [][][][][][][][][][][][][][][][][][][]$[][]\TU/LinuxLibertineO(0)/m/n/10 .
 []


Overfull \hbox (28.03415pt too wide) in paragraph at lines 233--239
\TU/LinuxLibertineO(0)/m/n/10 To reboot the BMC manually see: [][]$[][][][][] [
] [] [] [][][][][][] [] [][][] [] [][][][][][][] [] [][][][] [] [][][][] [] [][
][][][][] [] [][][][][][][][][][][][][][][][][][][] []
 []

[14]
Overfull \hbox (8.64314pt too wide) in paragraph at lines 286--292
[]\TU/LinuxLibertineO(0)/m/n/10 There is only one functional association per BM
C and one functional association per host. The functional/running
 []

[15]
Overfull \hbox (206.57642pt too wide) in paragraph at lines 398--405
[]\TU/LinuxLibertineO(0)/m/n/10 purpose - The image’s purpose (e.g. xyz.openbmc
_project.Software.Version.VersionPurpose.BMC or xyz.openbmc_project.Software.Ve
rsion.VersionPurpose.Host).
 []

[16]
Overfull \hbox (5.24498pt too wide) in paragraph at lines 496--498
[][][][][][][][][][][][][][][][][][][][][][][][][][][][][][][][][][][][][][][][
] [] [][][] [] [][][][][][][] [] [][][][][][][] [] [][][][][][] [] [][][][][][]
[][][][][][] [] [][][][][][][][][] [] [][][][]$[][] 
 []

[17])
Overfull \hbox (34.62833pt too wide) in paragraph at lines 536--33
[][][][][][][][][][][][][][][][][][][][][][][][][][] [] [][][][] [] [][][][][][
] [] [][][][] [] [][][] [] [][][][][][][] [] [][][][][][][] [] [][][][][][][][]
$[][] \TU/LinuxLibertineO(0)/m/n/10 and [][]$[][][][][] [] [] [] [][][][][][] [
] [][][] [] [][][][][][][] []
 []

[18] (./userguide.aux)
 ***********
LaTeX2e <2023-11-01> patch level 1
L3 programming layer <2024-01-22>
 ***********
Package rerunfilecheck Info: File `userguide.out' has not changed.
(rerunfilecheck)             Checksum: 7841E43B672579676FEC5E1FE2DAEDA0;4643.
 ) 
Here is how much of TeX's memory you used:
 10534 strings out of 476878
 216788 string characters out of 5805248
 1936627 words of memory out of 5000000
 32312 multiletter control sequences out of 15000+600000
 562081 words of font info for 75 fonts, out of 8000000 for 9000
 14 hyphenation exceptions out of 8191
 79i,6n,93p,512b,551s stack positions out of 10000i,1000n,20000p,200000b,200000s

Output written on userguide.pdf (18 pages).
