\BOOKMARK [1][-]{section.1}{\376\377\000O\000p\000e\000n\000B\000M\000C\000\040\000R\000E\000S\000T\000\040\000A\000P\000I}{}% 1
\BOOKMARK [2][-]{subsection.1.1}{\376\377\000A\000u\000t\000h\000e\000n\000t\000i\000c\000a\000t\000i\000o\000n}{section.1}% 2
\BOOKMARK [2][-]{subsection.1.2}{\376\377\000H\000T\000T\000P\000\040\000G\000E\000T\000\040\000o\000p\000e\000r\000a\000t\000i\000o\000n\000s\000\040\000\046\000\040\000U\000R\000L\000\040\000s\000t\000r\000u\000c\000t\000u\000r\000e}{section.1}% 3
\BOOKMARK [2][-]{subsection.1.3}{\376\377\000H\000T\000T\000P\000\040\000P\000U\000T\000\040\000o\000p\000e\000r\000a\000t\000i\000o\000n\000s}{section.1}% 4
\BOOKMARK [2][-]{subsection.1.4}{\376\377\000H\000T\000T\000P\000\040\000P\000O\000S\000T\000\040\000o\000p\000e\000r\000a\000t\000i\000o\000n\000s}{section.1}% 5
\BOOKMARK [2][-]{subsection.1.5}{\376\377\000H\000T\000T\000P\000\040\000D\000E\000L\000E\000T\000E\000\040\000o\000p\000e\000r\000a\000t\000i\000o\000n\000s}{section.1}% 6
\BOOKMARK [2][-]{subsection.1.6}{\376\377\000U\000p\000l\000o\000a\000d\000i\000n\000g\000\040\000i\000m\000a\000g\000e\000s}{section.1}% 7
\BOOKMARK [2][-]{subsection.1.7}{\376\377\000E\000v\000e\000n\000t\000\040\000s\000u\000b\000s\000c\000r\000i\000p\000t\000i\000o\000n\000\040\000p\000r\000o\000t\000o\000c\000o\000l}{section.1}% 8
\BOOKMARK [1][-]{section.2}{\376\377\000H\000o\000s\000t\000\040\000M\000a\000n\000a\000g\000e\000m\000e\000n\000t\000\040\000w\000i\000t\000h\000\040\000O\000p\000e\000n\000B\000M\000C}{}% 9
\BOOKMARK [2][-]{subsection.2.1}{\376\377\000I\000n\000v\000e\000n\000t\000o\000r\000y}{section.2}% 10
\BOOKMARK [2][-]{subsection.2.2}{\376\377\000S\000e\000n\000s\000o\000r\000s}{section.2}% 11
\BOOKMARK [2][-]{subsection.2.3}{\376\377\000E\000v\000e\000n\000t\000\040\000L\000o\000g\000s}{section.2}% 12
\BOOKMARK [2][-]{subsection.2.4}{\376\377\000H\000o\000s\000t\000\040\000B\000o\000o\000t\000\040\000O\000p\000t\000i\000o\000n\000s}{section.2}% 13
\BOOKMARK [2][-]{subsection.2.5}{\376\377\000H\000o\000s\000t\000\040\000S\000t\000a\000t\000e\000\040\000C\000o\000n\000t\000r\000o\000l}{section.2}% 14
\BOOKMARK [2][-]{subsection.2.6}{\376\377\000H\000o\000s\000t\000\040\000C\000l\000e\000a\000r\000\040\000G\000A\000R\000D}{section.2}% 15
\BOOKMARK [2][-]{subsection.2.7}{\376\377\000H\000o\000s\000t\000\040\000W\000a\000t\000c\000h\000d\000o\000g}{section.2}% 16
\BOOKMARK [1][-]{section.3}{\376\377\000O\000p\000e\000n\000B\000M\000C\000\040\000h\000o\000s\000t\000\040\000c\000o\000n\000s\000o\000l\000e\000\040\000s\000u\000p\000p\000o\000r\000t}{}% 17
\BOOKMARK [2][-]{subsection.3.1}{\376\377\000R\000e\000m\000o\000t\000e\000\040\000c\000o\000n\000s\000o\000l\000e\000\040\000c\000o\000n\000n\000e\000c\000t\000i\000o\000n\000s}{section.3}% 18
\BOOKMARK [2][-]{subsection.3.2}{\376\377\000L\000o\000c\000a\000l\000\040\000c\000o\000n\000s\000o\000l\000e\000\040\000c\000o\000n\000n\000e\000c\000t\000i\000o\000n\000s}{section.3}% 19
\BOOKMARK [2][-]{subsection.3.3}{\376\377\000L\000o\000g\000g\000i\000n\000g}{section.3}% 20
\BOOKMARK [1][-]{section.4}{\376\377\000O\000p\000e\000n\000B\000M\000C\000\040\000C\000o\000d\000e\000\040\000U\000p\000d\000a\000t\000e}{}% 21
\BOOKMARK [2][-]{subsection.4.1}{\376\377\000S\000t\000e\000p\000s\000\040\000t\000o\000\040\000U\000p\000d\000a\000t\000e}{section.4}% 22
\BOOKMARK [2][-]{subsection.4.2}{\376\377\000A\000s\000s\000o\000c\000i\000a\000t\000i\000o\000n\000s}{section.4}% 23
\BOOKMARK [2][-]{subsection.4.3}{\376\377\000M\000A\000N\000I\000F\000E\000S\000T\000\040\000F\000i\000l\000e}{section.4}% 24
\BOOKMARK [2][-]{subsection.4.4}{\376\377\000D\000e\000l\000e\000t\000i\000n\000g\000\040\000a\000n\000\040\000I\000m\000a\000g\000e}{section.4}% 25
\BOOKMARK [2][-]{subsection.4.5}{\376\377\000S\000o\000f\000t\000w\000a\000r\000e\000\040\000F\000i\000e\000l\000d\000\040\000M\000o\000d\000e}{section.4}% 26
\BOOKMARK [2][-]{subsection.4.6}{\376\377\000S\000o\000f\000t\000w\000a\000r\000e\000\040\000F\000a\000c\000t\000o\000r\000y\000\040\000R\000e\000s\000e\000t}{section.4}% 27
\BOOKMARK [2][-]{subsection.4.7}{\376\377\000I\000m\000a\000g\000e\000\040\000S\000t\000o\000r\000a\000g\000e\000\040\000L\000o\000c\000a\000t\000i\000o\000n}{section.4}% 28
\BOOKMARK [3][-]{subsubsection.4.7.1}{\376\377\000S\000t\000a\000t\000i\000c\000\040\000l\000a\000y\000o\000u\000t}{subsection.4.7}% 29
\BOOKMARK [3][-]{subsubsection.4.7.2}{\376\377\000U\000B\000I\000\040\000l\000a\000y\000o\000u\000t}{subsection.4.7}% 30
\BOOKMARK [2][-]{subsection.4.8}{\376\377\000I\000m\000p\000l\000e\000m\000e\000n\000t\000a\000t\000i\000o\000n}{section.4}% 31
